Microsoft (R) Macro Assembler Version 6.11		    11/10/19 03:17:31
tempfile.asm						     Page 1 - 1


 0000				DATAS SEGMENT
				    org 0100h
 0100 FB FF 01 FE 02 FD		    ZFDATA db -5,-1,1,-2,2,-3,3,-4,4,-5
       03 FC 04 FB
 010A  000A [			    NEGNUM db 10 dup(?)
        00
       ]
 0114  000A [			    NONGENUM db 10 dup(?)
        00
       ]
 011E				DATAS ENDS

 0000				STACKS SEGMENT
 0000  0020 [			    dw 32 dup(?)
        0000
       ]
 0040				STACKS ENDS

 0000				CODES SEGMENT
				    ASSUME CS:CODES,DS:DATAS,SS:STACKS
 0000				START:
 0000  B8 ---- R		    MOV AX,DATAS
 0003  8E D8			    MOV DS,AX
 0005  BE 0100 R		    mov si,offset ZFDATA
 0008  BF 010A R		    mov di,offset NEGNUM
 000B  B9 000A			    mov cx,10
 000E				L1: 
 000E  8A 04			    mov al,[si]
 0010  84 04			    test al,[si]
 0012  74 03			    jz L2
 0014  88 05			    mov [di],al
 0016  47			    inc di
 0017				L2:
 0017  46			    inc si
 0018  88 45 0A			    mov [di+10],al
 001B  47			    inc di
 001C  E2 F0			    loop L1
				    
 001E				CODES ENDS
				    END START

Microsoft (R) Macro Assembler Version 6.11		    11/10/19 03:17:31
tempfile.asm						     Symbols 2 - 1




Segments and Groups:

                N a m e                 Size     Length   Align   Combine Class

CODES  . . . . . . . . . . . . .	16 Bit	 001E	  Para	  Private 
DATAS  . . . . . . . . . . . . .	16 Bit	 011E	  Para	  Private 
STACKS . . . . . . . . . . . . .	16 Bit	 0040	  Para	  Private 


Symbols:

                N a m e                 Type     Value    Attr

L1 . . . . . . . . . . . . . . .	L Near	 000E	  CODES	
L2 . . . . . . . . . . . . . . .	L Near	 0017	  CODES	
NEGNUM . . . . . . . . . . . . .	Byte	 010A	  DATAS	
NONGENUM . . . . . . . . . . . .	Byte	 0114	  DATAS	
START  . . . . . . . . . . . . .	L Near	 0000	  CODES	
ZFDATA . . . . . . . . . . . . .	Byte	 0100	  DATAS	

	   0 Warnings
	   0 Errors
